{
  "version": "1.5.0",
  "plugins_used": [
    {
      "name": "ArtifactoryDetector"
    },
    {
      "name": "AWSKeyDetector"
    },
    {
      "name": "AzureStorageKeyDetector"
    },
    {
      "name": "Base64HighEntropyString",
      "limit": 4.5
    },
    {
      "name": "BasicAuthDetector"
    },
    {
      "name": "CloudantDetector"
    },
    {
      "name": "DiscordBotTokenDetector"
    },
    {
      "name": "GitHubTokenDetector"
    },
    {
      "name": "GitLabTokenDetector"
    },
    {
      "name": "HexHighEntropyString",
      "limit": 3.0
    },
    {
      "name": "IbmCloudIamDetector"
    },
    {
      "name": "IbmCosHmacDetector"
    },
    {
      "name": "IPPublicDetector"
    },
    {
      "name": "JwtTokenDetector"
    },
    {
      "name": "KeywordDetector",
      "keyword_exclude": ""
    },
    {
      "name": "MailchimpDetector"
    },
    {
      "name": "NpmDetector"
    },
    {
      "name": "OpenAIDetector"
    },
    {
      "name": "PrivateKeyDetector"
    },
    {
      "name": "PypiTokenDetector"
    },
    {
      "name": "SendGridDetector"
    },
    {
      "name": "SlackDetector"
    },
    {
      "name": "SoftlayerDetector"
    },
    {
      "name": "SquareOAuthDetector"
    },
    {
      "name": "StripeDetector"
    },
    {
      "name": "TelegramBotTokenDetector"
    },
    {
      "name": "TwilioKeyDetector"
    }
  ],
  "filters_used": [
    {
      "path": "detect_secrets.filters.allowlist.is_line_allowlisted"
    },
    {
      "path": "detect_secrets.filters.common.is_ignored_due_to_verification_policies",
      "min_level": 2
    },
    {
      "path": "detect_secrets.filters.heuristic.is_indirect_reference"
    },
    {
      "path": "detect_secrets.filters.heuristic.is_likely_id_string"
    },
    {
      "path": "detect_secrets.filters.heuristic.is_lock_file"
    },
    {
      "path": "detect_secrets.filters.heuristic.is_not_alphanumeric_string"
    },
    {
      "path": "detect_secrets.filters.heuristic.is_potential_uuid"
    },
    {
      "path": "detect_secrets.filters.heuristic.is_prefixed_with_dollar_sign"
    },
    {
      "path": "detect_secrets.filters.heuristic.is_sequential_string"
    },
    {
      "path": "detect_secrets.filters.heuristic.is_swagger_file"
    },
    {
      "path": "detect_secrets.filters.heuristic.is_templated_secret"
    },
    {
      "path": "detect_secrets.filters.regex.should_exclude_file",
      "pattern": [
        "\\.git/.*",
        "node_modules/.*",
        "\\.env\\.example",
        "config/staging\\.env"
      ]
    }
  ],
  "results": {
    ".github/workflows/python-ci.yml": [
      {
        "type": "Secret Keyword",
        "filename": ".github/workflows/python-ci.yml",
        "hashed_secret": "206c80413b9a96c1312cc346b7d2517b84463edd",
        "is_verified": false,
        "line_number": 104
      },
      {
        "type": "Basic Auth Credentials",
        "filename": ".github/workflows/python-ci.yml",
        "hashed_secret": "206c80413b9a96c1312cc346b7d2517b84463edd",
        "is_verified": false,
        "line_number": 132
      }
    ],
    "COMPREHENSIVE_CODE_AUDIT.md": [
      {
        "type": "AWS Access Key",
        "filename": "COMPREHENSIVE_CODE_AUDIT.md",
        "hashed_secret": "25910f981e85ca04baf359199dd0bd4a3ae738b6",
        "is_verified": false,
        "line_number": 144
      },
      {
        "type": "Secret Keyword",
        "filename": "COMPREHENSIVE_CODE_AUDIT.md",
        "hashed_secret": "737fb54530aaaec987709177dd8485828efcd860",
        "is_verified": false,
        "line_number": 168
      },
      {
        "type": "Secret Keyword",
        "filename": "COMPREHENSIVE_CODE_AUDIT.md",
        "hashed_secret": "4bd074cf429ab454cd7bee74be51083a93cd8aa9",
        "is_verified": false,
        "line_number": 197
      }
    ],
    "ForensicBridgeInstaller/ForensicBridge.iss": [
      {
        "type": "Base64 High Entropy String",
        "filename": "ForensicBridgeInstaller/ForensicBridge.iss",
        "hashed_secret": "6643fa1ec3ea62818bdf2eaaf5c0071112a01900",
        "is_verified": false,
        "line_number": 95
      }
    ],
    "QBDesktopReader/FieldLimits.cs": [
      {
        "type": "Base64 High Entropy String",
        "filename": "QBDesktopReader/FieldLimits.cs",
        "hashed_secret": "6a40fbb3bd3c0673c9bff6ad305c8181d648a9bb",
        "is_verified": false,
        "line_number": 560
      }
    ],
    "QBDesktopReader/Models.cs": [
      {
        "type": "Artifactory Credentials",
        "filename": "QBDesktopReader/Models.cs",
        "hashed_secret": "d8db436c3a8be6a2ec25153bc51b682ea3e98cc1",
        "is_verified": false,
        "line_number": 1082
      }
    ],
    "QBDesktopReader/QBDataExtractor.cs": [
      {
        "type": "Artifactory Credentials",
        "filename": "QBDesktopReader/QBDataExtractor.cs",
        "hashed_secret": "d8db436c3a8be6a2ec25153bc51b682ea3e98cc1",
        "is_verified": false,
        "line_number": 1957
      },
      {
        "type": "Artifactory Credentials",
        "filename": "QBDesktopReader/QBDataExtractor.cs",
        "hashed_secret": "2732fe92a2fa06cce1a2fedba47ddbee7be01016",
        "is_verified": false,
        "line_number": 1958
      }
    ],
    "QBMigrationServer/add_missing_column.py": [
      {
        "type": "Basic Auth Credentials",
        "filename": "QBMigrationServer/add_missing_column.py",
        "hashed_secret": "9d4e1e23bd5b727046a9e3b4b7db57bd8d6ee684",
        "is_verified": false,
        "line_number": 13
      }
    ],
    "QBMigrationServer/api/auth.py": [
      {
        "type": "Hex High Entropy String",
        "filename": "QBMigrationServer/api/auth.py",
        "hashed_secret": "33c76f70af66754ca47d19b17da8dc232e125253",
        "is_verified": false,
        "line_number": 749
      },
      {
        "type": "Hex High Entropy String",
        "filename": "QBMigrationServer/api/auth.py",
        "hashed_secret": "9080e79e67d92bd09c8a498a380190cdb4595072",
        "is_verified": false,
        "line_number": 752
      },
      {
        "type": "Secret Keyword",
        "filename": "QBMigrationServer/api/auth.py",
        "hashed_secret": "d15f7823d5cab31d568ddb3fa87476fd15741f91",
        "is_verified": false,
        "line_number": 2007
      }
    ],
    "QBMigrationServer/api/legal.py": [
      {
        "type": "Secret Keyword",
        "filename": "QBMigrationServer/api/legal.py",
        "hashed_secret": "8f99a82095d8fffd751f754026571268df498dba",
        "is_verified": false,
        "line_number": 162
      }
    ],
    "QBMigrationServer/check_columns.py": [
      {
        "type": "Basic Auth Credentials",
        "filename": "QBMigrationServer/check_columns.py",
        "hashed_secret": "9d4e1e23bd5b727046a9e3b4b7db57bd8d6ee684",
        "is_verified": false,
        "line_number": 13
      }
    ],
    "QBMigrationServer/config.py": [
      {
        "type": "Secret Keyword",
        "filename": "QBMigrationServer/config.py",
        "hashed_secret": "5aa553f74454d762ed9085f4029b2daba24ec4f7",
        "is_verified": false,
        "line_number": 26
      },
      {
        "type": "Secret Keyword",
        "filename": "QBMigrationServer/config.py",
        "hashed_secret": "2e4c09d87263171a4d85ef307f579a896ca59e0f",
        "is_verified": false,
        "line_number": 596
      }
    ],
    "QBMigrationServer/docs/HORIZONTAL_SCALING.md": [
      {
        "type": "Secret Keyword",
        "filename": "QBMigrationServer/docs/HORIZONTAL_SCALING.md",
        "hashed_secret": "c18006fc138809314751cd1991f1e0b820fabd37",
        "is_verified": false,
        "line_number": 204
      }
    ],
    "QBMigrationServer/static/extractor/ForensicBridge_Install.bat": [
      {
        "type": "Base64 High Entropy String",
        "filename": "QBMigrationServer/static/extractor/ForensicBridge_Install.bat",
        "hashed_secret": "7c25b4ab0a8931a8d5bd4a693ab27a1304597be2",
        "is_verified": false,
        "line_number": 32
      }
    ],
    "QBMigrationServer/static/extractor/README.md": [
      {
        "type": "Hex High Entropy String",
        "filename": "QBMigrationServer/static/extractor/README.md",
        "hashed_secret": "5cc4da8ae718ee9928fafd9a97d64df65bfea7f0",
        "is_verified": false,
        "line_number": 190
      }
    ],
    "QBMigrationServer/tests/conftest.py": [
      {
        "type": "Secret Keyword",
        "filename": "QBMigrationServer/tests/conftest.py",
        "hashed_secret": "f2f1b5d27c2c2fd73098320a4b1a003dc6df987e",
        "is_verified": false,
        "line_number": 261
      },
      {
        "type": "Secret Keyword",
        "filename": "QBMigrationServer/tests/conftest.py",
        "hashed_secret": "1089adfb1f11b95df31344030507912b5abdf57a",
        "is_verified": false,
        "line_number": 393
      }
    ],
    "QBMigrationServer/tests/quick_auth_test.py": [
      {
        "type": "Secret Keyword",
        "filename": "QBMigrationServer/tests/quick_auth_test.py",
        "hashed_secret": "d55852087fe0803f27141e8c53de13e6943c6784",
        "is_verified": false,
        "line_number": 46
      },
      {
        "type": "Secret Keyword",
        "filename": "QBMigrationServer/tests/quick_auth_test.py",
        "hashed_secret": "f2f1b5d27c2c2fd73098320a4b1a003dc6df987e",
        "is_verified": false,
        "line_number": 59
      },
      {
        "type": "Secret Keyword",
        "filename": "QBMigrationServer/tests/quick_auth_test.py",
        "hashed_secret": "adad1ed3536231e949e8c8a1c4437bad206d739a",
        "is_verified": false,
        "line_number": 87
      }
    ],
    "QBMigrationServer/tests/test_app_factory.py": [
      {
        "type": "Secret Keyword",
        "filename": "QBMigrationServer/tests/test_app_factory.py",
        "hashed_secret": "a94a8fe5ccb19ba61c4c0873d391e987982fbbd3",
        "is_verified": false,
        "line_number": 401
      },
      {
        "type": "Basic Auth Credentials",
        "filename": "QBMigrationServer/tests/test_app_factory.py",
        "hashed_secret": "9d4e1e23bd5b727046a9e3b4b7db57bd8d6ee684",
        "is_verified": false,
        "line_number": 640
      }
    ],
    "QBMigrationServer/tests/test_auth_coverage.py": [
      {
        "type": "Secret Keyword",
        "filename": "QBMigrationServer/tests/test_auth_coverage.py",
        "hashed_secret": "189dc1f55638680ee1bb23c6423da94d0183161a",
        "is_verified": false,
        "line_number": 225
      },
      {
        "type": "Secret Keyword",
        "filename": "QBMigrationServer/tests/test_auth_coverage.py",
        "hashed_secret": "c04894d57c7659662a63909f137cf5efa7579dec",
        "is_verified": false,
        "line_number": 248
      },
      {
        "type": "Secret Keyword",
        "filename": "QBMigrationServer/tests/test_auth_coverage.py",
        "hashed_secret": "f2f1b5d27c2c2fd73098320a4b1a003dc6df987e",
        "is_verified": false,
        "line_number": 365
      },
      {
        "type": "Secret Keyword",
        "filename": "QBMigrationServer/tests/test_auth_coverage.py",
        "hashed_secret": "a69471ba9e60462b28652fa83b5ada32f927b0df",
        "is_verified": false,
        "line_number": 383
      },
      {
        "type": "Secret Keyword",
        "filename": "QBMigrationServer/tests/test_auth_coverage.py",
        "hashed_secret": "16008b10bbde1ce5ca0f7a3221bbd3904ea7e9a4",
        "is_verified": false,
        "line_number": 395
      }
    ],
    "QBMigrationServer/tests/test_auth_deep.py": [
      {
        "type": "Secret Keyword",
        "filename": "QBMigrationServer/tests/test_auth_deep.py",
        "hashed_secret": "974ac4f1ab879e5b5e1a7c344c47e881b74109e8",
        "is_verified": false,
        "line_number": 600
      },
      {
        "type": "Secret Keyword",
        "filename": "QBMigrationServer/tests/test_auth_deep.py",
        "hashed_secret": "7b0e64ee1d9f557e85f89772501e675d6ecb9016",
        "is_verified": false,
        "line_number": 615
      },
      {
        "type": "Secret Keyword",
        "filename": "QBMigrationServer/tests/test_auth_deep.py",
        "hashed_secret": "c82f58a1fc4cd8e5aa9979b1a7f07e52af732fa0",
        "is_verified": false,
        "line_number": 628
      },
      {
        "type": "Secret Keyword",
        "filename": "QBMigrationServer/tests/test_auth_deep.py",
        "hashed_secret": "f2f1b5d27c2c2fd73098320a4b1a003dc6df987e",
        "is_verified": false,
        "line_number": 650
      },
      {
        "type": "Secret Keyword",
        "filename": "QBMigrationServer/tests/test_auth_deep.py",
        "hashed_secret": "afdf4f40663c68538dd9730fbfc5d13319ed3497",
        "is_verified": false,
        "line_number": 1395
      },
      {
        "type": "Secret Keyword",
        "filename": "QBMigrationServer/tests/test_auth_deep.py",
        "hashed_secret": "6a1cfa3f43b27efb243cb6047d193973e74c5637",
        "is_verified": false,
        "line_number": 1440
      },
      {
        "type": "Secret Keyword",
        "filename": "QBMigrationServer/tests/test_auth_deep.py",
        "hashed_secret": "9c38605ded6bdbf539e6e5e1b124d6848da554ca",
        "is_verified": false,
        "line_number": 1445
      },
      {
        "type": "Secret Keyword",
        "filename": "QBMigrationServer/tests/test_auth_deep.py",
        "hashed_secret": "1ded3053d0363079a4e681a3b700435d6d880290",
        "is_verified": false,
        "line_number": 1455
      },
      {
        "type": "Secret Keyword",
        "filename": "QBMigrationServer/tests/test_auth_deep.py",
        "hashed_secret": "ae9f41c34366d5b03e9861e156f51984caebe92f",
        "is_verified": false,
        "line_number": 1466
      },
      {
        "type": "Secret Keyword",
        "filename": "QBMigrationServer/tests/test_auth_deep.py",
        "hashed_secret": "6183b94842dbc2cd4ee65e5f31d4dfce864a610c",
        "is_verified": false,
        "line_number": 1486
      },
      {
        "type": "Secret Keyword",
        "filename": "QBMigrationServer/tests/test_auth_deep.py",
        "hashed_secret": "6bf40e045c86eff27f948886179f13f54638cc5e",
        "is_verified": false,
        "line_number": 1878
      },
      {
        "type": "Secret Keyword",
        "filename": "QBMigrationServer/tests/test_auth_deep.py",
        "hashed_secret": "928e4e82e5eb37a3c5b170051ea2cf8d12bce85d",
        "is_verified": false,
        "line_number": 1889
      },
      {
        "type": "Secret Keyword",
        "filename": "QBMigrationServer/tests/test_auth_deep.py",
        "hashed_secret": "5d9b554cd8c22aee650a5aa296e7cb579bd894f9",
        "is_verified": false,
        "line_number": 1901
      },
      {
        "type": "Secret Keyword",
        "filename": "QBMigrationServer/tests/test_auth_deep.py",
        "hashed_secret": "ee80134d731b8aa1e32a94dce58264de8044985f",
        "is_verified": false,
        "line_number": 2047
      },
      {
        "type": "Secret Keyword",
        "filename": "QBMigrationServer/tests/test_auth_deep.py",
        "hashed_secret": "a829a798d31e70ca41ac169e4e165eef0cbed6f4",
        "is_verified": false,
        "line_number": 2054
      },
      {
        "type": "Secret Keyword",
        "filename": "QBMigrationServer/tests/test_auth_deep.py",
        "hashed_secret": "233e49857835edd84b5e13d524cc0ceed3000077",
        "is_verified": false,
        "line_number": 2072
      }
    ],
    "QBMigrationServer/tests/test_auth_extended.py": [
      {
        "type": "Secret Keyword",
        "filename": "QBMigrationServer/tests/test_auth_extended.py",
        "hashed_secret": "d55852087fe0803f27141e8c53de13e6943c6784",
        "is_verified": false,
        "line_number": 270
      },
      {
        "type": "Secret Keyword",
        "filename": "QBMigrationServer/tests/test_auth_extended.py",
        "hashed_secret": "1ded3053d0363079a4e681a3b700435d6d880290",
        "is_verified": false,
        "line_number": 296
      },
      {
        "type": "Secret Keyword",
        "filename": "QBMigrationServer/tests/test_auth_extended.py",
        "hashed_secret": "e753aa242c3c7d8ac21234f26e51cfd98c4c65a2",
        "is_verified": false,
        "line_number": 324
      }
    ],
    "QBMigrationServer/tests/test_auth_password_reset.py": [
      {
        "type": "Secret Keyword",
        "filename": "QBMigrationServer/tests/test_auth_password_reset.py",
        "hashed_secret": "afdf4f40663c68538dd9730fbfc5d13319ed3497",
        "is_verified": false,
        "line_number": 23
      },
      {
        "type": "Secret Keyword",
        "filename": "QBMigrationServer/tests/test_auth_password_reset.py",
        "hashed_secret": "ef5ff83a8a4939b25c2eff7500ee9601f7d4d301",
        "is_verified": false,
        "line_number": 72
      },
      {
        "type": "Secret Keyword",
        "filename": "QBMigrationServer/tests/test_auth_password_reset.py",
        "hashed_secret": "f2f1b5d27c2c2fd73098320a4b1a003dc6df987e",
        "is_verified": false,
        "line_number": 131
      },
      {
        "type": "Secret Keyword",
        "filename": "QBMigrationServer/tests/test_auth_password_reset.py",
        "hashed_secret": "98e540ffae8223c143f1453da4c8604ca943213e",
        "is_verified": false,
        "line_number": 141
      },
      {
        "type": "Secret Keyword",
        "filename": "QBMigrationServer/tests/test_auth_password_reset.py",
        "hashed_secret": "ea8714902e75070dcbd3022f2e0f632f666fa349",
        "is_verified": false,
        "line_number": 148
      }
    ],
    "QBMigrationServer/tests/test_auth_registration.py": [
      {
        "type": "Secret Keyword",
        "filename": "QBMigrationServer/tests/test_auth_registration.py",
        "hashed_secret": "59b5f35b1aa4c028953107968302765e1dba1cff",
        "is_verified": false,
        "line_number": 10
      },
      {
        "type": "Secret Keyword",
        "filename": "QBMigrationServer/tests/test_auth_registration.py",
        "hashed_secret": "a0f4ea7d91495df92bbac2e2149dfb850fe81396",
        "is_verified": false,
        "line_number": 31
      },
      {
        "type": "Secret Keyword",
        "filename": "QBMigrationServer/tests/test_auth_registration.py",
        "hashed_secret": "19986a28eec95368fbbbbb77b09803c321a0e771",
        "is_verified": false,
        "line_number": 40
      }
    ],
    "QBMigrationServer/tests/test_complete.py": [
      {
        "type": "Secret Keyword",
        "filename": "QBMigrationServer/tests/test_complete.py",
        "hashed_secret": "7e7aa95529b36497256c98632373690bf9a10e80",
        "is_verified": false,
        "line_number": 37
      },
      {
        "type": "Secret Keyword",
        "filename": "QBMigrationServer/tests/test_complete.py",
        "hashed_secret": "7e3fde5fb6030c1099621f16a092280f7916193f",
        "is_verified": false,
        "line_number": 90
      },
      {
        "type": "Secret Keyword",
        "filename": "QBMigrationServer/tests/test_complete.py",
        "hashed_secret": "f2f1b5d27c2c2fd73098320a4b1a003dc6df987e",
        "is_verified": false,
        "line_number": 179
      },
      {
        "type": "Secret Keyword",
        "filename": "QBMigrationServer/tests/test_complete.py",
        "hashed_secret": "14578ef6b92cbaea2e5c8678a7cf1ed2b665a6c8",
        "is_verified": false,
        "line_number": 207
      },
      {
        "type": "Secret Keyword",
        "filename": "QBMigrationServer/tests/test_complete.py",
        "hashed_secret": "084efde89eb8d3cfab771e4bc22f0d2fde333012",
        "is_verified": false,
        "line_number": 229
      },
      {
        "type": "Secret Keyword",
        "filename": "QBMigrationServer/tests/test_complete.py",
        "hashed_secret": "adad1ed3536231e949e8c8a1c4437bad206d739a",
        "is_verified": false,
        "line_number": 257
      },
      {
        "type": "Secret Keyword",
        "filename": "QBMigrationServer/tests/test_complete.py",
        "hashed_secret": "8308651804facb7b9af8ffc53a33a22d6a1c8ac2",
        "is_verified": false,
        "line_number": 939
      }
    ],
    "QBMigrationServer/tests/test_core_features.py": [
      {
        "type": "Secret Keyword",
        "filename": "QBMigrationServer/tests/test_core_features.py",
        "hashed_secret": "f2f1b5d27c2c2fd73098320a4b1a003dc6df987e",
        "is_verified": false,
        "line_number": 21
      }
    ],
    "QBMigrationServer/tests/test_coverage_100.py": [
      {
        "type": "Secret Keyword",
        "filename": "QBMigrationServer/tests/test_coverage_100.py",
        "hashed_secret": "13d670a8b97fd62b89300129d2604f2288c106a7",
        "is_verified": false,
        "line_number": 155
      },
      {
        "type": "Secret Keyword",
        "filename": "QBMigrationServer/tests/test_coverage_100.py",
        "hashed_secret": "ab328c36cf4c919bb5298ed1fd89a1d87a215de2",
        "is_verified": false,
        "line_number": 178
      },
      {
        "type": "Secret Keyword",
        "filename": "QBMigrationServer/tests/test_coverage_100.py",
        "hashed_secret": "58d87f0ae3b0721f94f3329851241c1e930795ba",
        "is_verified": false,
        "line_number": 208
      },
      {
        "type": "Secret Keyword",
        "filename": "QBMigrationServer/tests/test_coverage_100.py",
        "hashed_secret": "c0b0f972b96f690f123f553d9cb5f260f0bd1e8a",
        "is_verified": false,
        "line_number": 249
      },
      {
        "type": "Secret Keyword",
        "filename": "QBMigrationServer/tests/test_coverage_100.py",
        "hashed_secret": "b57fa0798cf182195d00866158f0f022ad324741",
        "is_verified": false,
        "line_number": 256
      }
    ],
    "QBMigrationServer/tests/test_coverage_deep.py": [
      {
        "type": "Secret Keyword",
        "filename": "QBMigrationServer/tests/test_coverage_deep.py",
        "hashed_secret": "59b5f35b1aa4c028953107968302765e1dba1cff",
        "is_verified": false,
        "line_number": 229
      },
      {
        "type": "Secret Keyword",
        "filename": "QBMigrationServer/tests/test_coverage_deep.py",
        "hashed_secret": "7288edd0fc3ffcbe93a0cf06e3568e28521687bc",
        "is_verified": false,
        "line_number": 470
      }
    ],
    "QBMigrationServer/tests/test_coverage_gaps.py": [
      {
        "type": "Secret Keyword",
        "filename": "QBMigrationServer/tests/test_coverage_gaps.py",
        "hashed_secret": "fe1bae27cb7c1fb823f496f286e78f1d2ae87734",
        "is_verified": false,
        "line_number": 382
      }
    ],
    "QBMigrationServer/tests/test_dashboard_deep.py": [
      {
        "type": "Hex High Entropy String",
        "filename": "QBMigrationServer/tests/test_dashboard_deep.py",
        "hashed_secret": "58ac79eea601c6cf177cf1afccdf4b2c00a52938",
        "is_verified": false,
        "line_number": 56
      }
    ],
    "QBMigrationServer/tests/test_e2e.py": [
      {
        "type": "Secret Keyword",
        "filename": "QBMigrationServer/tests/test_e2e.py",
        "hashed_secret": "382caa7c44ee23ee25616f7e303af33c591efc3a",
        "is_verified": false,
        "line_number": 67
      }
    ],
    "QBMigrationServer/tests/test_migrations_deep.py": [
      {
        "type": "Secret Keyword",
        "filename": "QBMigrationServer/tests/test_migrations_deep.py",
        "hashed_secret": "9d02c12a2686ee5188a31ba56cfc970734a4bee6",
        "is_verified": false,
        "line_number": 347
      }
    ],
    "QBMigrationServer/tests/test_models.py": [
      {
        "type": "Hex High Entropy String",
        "filename": "QBMigrationServer/tests/test_models.py",
        "hashed_secret": "d9f32bc5685e077455c61d70eb9d5008b4dc9fb4",
        "is_verified": false,
        "line_number": 1008
      }
    ],
    "QBMigrationServer/tests/test_production_ready.py": [
      {
        "type": "Secret Keyword",
        "filename": "QBMigrationServer/tests/test_production_ready.py",
        "hashed_secret": "382caa7c44ee23ee25616f7e303af33c591efc3a",
        "is_verified": false,
        "line_number": 24
      },
      {
        "type": "Secret Keyword",
        "filename": "QBMigrationServer/tests/test_production_ready.py",
        "hashed_secret": "e8662cfb96bd9c7fe84c31d76819ec3a92c80e63",
        "is_verified": false,
        "line_number": 124
      },
      {
        "type": "Secret Keyword",
        "filename": "QBMigrationServer/tests/test_production_ready.py",
        "hashed_secret": "463d8353f4b927fd953e5af7c41084183e8ce5fb",
        "is_verified": false,
        "line_number": 252
      },
      {
        "type": "Basic Auth Credentials",
        "filename": "QBMigrationServer/tests/test_production_ready.py",
        "hashed_secret": "3bc69e8f812015b0e8fb13d79821707fb53c84b4",
        "is_verified": false,
        "line_number": 274
      }
    ],
    "QBMigrationServer/tests/test_registration.py": [
      {
        "type": "Secret Keyword",
        "filename": "QBMigrationServer/tests/test_registration.py",
        "hashed_secret": "382caa7c44ee23ee25616f7e303af33c591efc3a",
        "is_verified": false,
        "line_number": 10
      }
    ],
    "QBMigrationServer/tests/test_security.py": [
      {
        "type": "Secret Keyword",
        "filename": "QBMigrationServer/tests/test_security.py",
        "hashed_secret": "d8ecf7db8fc9ec9c31bc5c9ae2929cc599c75f8d",
        "is_verified": false,
        "line_number": 172
      },
      {
        "type": "Secret Keyword",
        "filename": "QBMigrationServer/tests/test_security.py",
        "hashed_secret": "59b5f35b1aa4c028953107968302765e1dba1cff",
        "is_verified": false,
        "line_number": 304
      }
    ],
    "QBMigrationServer/tests/test_user_model_extended.py": [
      {
        "type": "Secret Keyword",
        "filename": "QBMigrationServer/tests/test_user_model_extended.py",
        "hashed_secret": "456542a28a82e352407000137408a067511ccaa9",
        "is_verified": false,
        "line_number": 191
      }
    ],
    "QBMigrationServer/tests/test_user_model_qbo.py": [
      {
        "type": "Secret Keyword",
        "filename": "QBMigrationServer/tests/test_user_model_qbo.py",
        "hashed_secret": "b6c18a5c3d212e6e8b5b892a91a618c78c049a9e",
        "is_verified": false,
        "line_number": 159
      },
      {
        "type": "Secret Keyword",
        "filename": "QBMigrationServer/tests/test_user_model_qbo.py",
        "hashed_secret": "c234cf064722cbc5f5e6c9902707b94cc8db142e",
        "is_verified": false,
        "line_number": 215
      }
    ],
    "QBMigrationServer/tests/test_validate_config.py": [
      {
        "type": "Secret Keyword",
        "filename": "QBMigrationServer/tests/test_validate_config.py",
        "hashed_secret": "a0f4ea7d91495df92bbac2e2149dfb850fe81396",
        "is_verified": false,
        "line_number": 56
      }
    ],
    "QBMigrationServer/utils/audit_logger.py": [
      {
        "type": "Secret Keyword",
        "filename": "QBMigrationServer/utils/audit_logger.py",
        "hashed_secret": "04360d412e579a3fe3758ada8ba063c9454eccf8",
        "is_verified": false,
        "line_number": 87
      },
      {
        "type": "Secret Keyword",
        "filename": "QBMigrationServer/utils/audit_logger.py",
        "hashed_secret": "c377e4886280e6d9a07a89ba6c05610ea2286ffd",
        "is_verified": false,
        "line_number": 88
      },
      {
        "type": "Secret Keyword",
        "filename": "QBMigrationServer/utils/audit_logger.py",
        "hashed_secret": "c779d0d39e288ec9adccc47e94c092cfebcfdcb4",
        "is_verified": false,
        "line_number": 89
      },
      {
        "type": "Secret Keyword",
        "filename": "QBMigrationServer/utils/audit_logger.py",
        "hashed_secret": "d95005e43f5aedb350bb3af49d3ba4e951757ca0",
        "is_verified": false,
        "line_number": 133
      },
      {
        "type": "Secret Keyword",
        "filename": "QBMigrationServer/utils/audit_logger.py",
        "hashed_secret": "1c2088b900dfbb369f9f46a03b798b2ab19a5ab9",
        "is_verified": false,
        "line_number": 134
      }
    ],
    "QBMigrationServer/utils/captcha_verifier.py": [
      {
        "type": "Secret Keyword",
        "filename": "QBMigrationServer/utils/captcha_verifier.py",
        "hashed_secret": "660a08d1c29ac84cefdfb65d594f84b684bff9f6",
        "is_verified": false,
        "line_number": 33
      },
      {
        "type": "Secret Keyword",
        "filename": "QBMigrationServer/utils/captcha_verifier.py",
        "hashed_secret": "ee9fb3e2638913c61507b5f9b11af00404ebe998",
        "is_verified": false,
        "line_number": 38
      },
      {
        "type": "Secret Keyword",
        "filename": "QBMigrationServer/utils/captcha_verifier.py",
        "hashed_secret": "1543845e95a7973aef98b368459e4144cb4839f4",
        "is_verified": false,
        "line_number": 43
      },
      {
        "type": "Secret Keyword",
        "filename": "QBMigrationServer/utils/captcha_verifier.py",
        "hashed_secret": "627789958ba90a1fdd33a6d12bfbb0fac77a6ca6",
        "is_verified": false,
        "line_number": 48
      }
    ],
    "QBMigrationServer/utils/encryption.py": [
      {
        "type": "Secret Keyword",
        "filename": "QBMigrationServer/utils/encryption.py",
        "hashed_secret": "eaeab2eff0fc71d89a012c0539cd30db5afddf8c",
        "is_verified": false,
        "line_number": 102
      }
    ],
    "QBMigrationService/data_transformer.py": [
      {
        "type": "Artifactory Credentials",
        "filename": "QBMigrationService/data_transformer.py",
        "hashed_secret": "a7ef04268bceeb4b2caa93e6a5d4b32799271681",
        "is_verified": false,
        "line_number": 1547
      }
    ],
    "QBMigrationService/expansion_roadmap/freshbooks_connector.py": [
      {
        "type": "Secret Keyword",
        "filename": "QBMigrationService/expansion_roadmap/freshbooks_connector.py",
        "hashed_secret": "1ec25932b2822ef19586efebab275bffbad6ab77",
        "is_verified": false,
        "line_number": 87
      }
    ],
    "QBMigrationService/expansion_roadmap/xero_connector.py": [
      {
        "type": "Secret Keyword",
        "filename": "QBMigrationService/expansion_roadmap/xero_connector.py",
        "hashed_secret": "2d5095e0871a731f1feb4296f40beb17b747d9cc",
        "is_verified": false,
        "line_number": 77
      }
    ],
    "QBMigrationService/tests/test_batch_migration.py": [
      {
        "type": "Secret Keyword",
        "filename": "QBMigrationService/tests/test_batch_migration.py",
        "hashed_secret": "72cb70dbbafe97e5ea13ad88acd65d08389439b0",
        "is_verified": false,
        "line_number": 36
      }
    ],
    "QBMigrationService/tests/test_comprehensive_e2e.py": [
      {
        "type": "Secret Keyword",
        "filename": "QBMigrationService/tests/test_comprehensive_e2e.py",
        "hashed_secret": "e5e9fa1ba31ecd1ae84f75caaa474f3a663f05f4",
        "is_verified": false,
        "line_number": 82
      },
      {
        "type": "Artifactory Credentials",
        "filename": "QBMigrationService/tests/test_comprehensive_e2e.py",
        "hashed_secret": "a7ef04268bceeb4b2caa93e6a5d4b32799271681",
        "is_verified": false,
        "line_number": 1442
      }
    ],
    "QBMigrationService/tests/test_e2e_flow.py": [
      {
        "type": "Secret Keyword",
        "filename": "QBMigrationService/tests/test_e2e_flow.py",
        "hashed_secret": "684ba6c0ced5b3129992f2d52b407e479a604e38",
        "is_verified": false,
        "line_number": 42
      }
    ],
    "QBMigrationService/tests/test_field_normalization.py": [
      {
        "type": "Artifactory Credentials",
        "filename": "QBMigrationService/tests/test_field_normalization.py",
        "hashed_secret": "a7ef04268bceeb4b2caa93e6a5d4b32799271681",
        "is_verified": false,
        "line_number": 280
      }
    ],
    "QBMigrationService/tests/test_qbd_to_qbo_flow.py": [
      {
        "type": "Secret Keyword",
        "filename": "QBMigrationService/tests/test_qbd_to_qbo_flow.py",
        "hashed_secret": "e5e9fa1ba31ecd1ae84f75caaa474f3a663f05f4",
        "is_verified": false,
        "line_number": 358
      }
    ],
    "QBMigrationService/verifier.py": [
      {
        "type": "Artifactory Credentials",
        "filename": "QBMigrationService/verifier.py",
        "hashed_secret": "e0c87d449ae1681cac688a6623c48acc20e3b03f",
        "is_verified": false,
        "line_number": 741
      }
    ],
    "RUN_INSTRUCTIONS.md": [
      {
        "type": "Basic Auth Credentials",
        "filename": "RUN_INSTRUCTIONS.md",
        "hashed_secret": "3bc69e8f812015b0e8fb13d79821707fb53c84b4",
        "is_verified": false,
        "line_number": 31
      }
    ],
    "aws/README.md": [
      {
        "type": "Secret Keyword",
        "filename": "aws/README.md",
        "hashed_secret": "4d0d3c53f51abc7660789000a958332860aa8280",
        "is_verified": false,
        "line_number": 13
      }
    ],
    "aws/cloudformation.yaml": [
      {
        "type": "Secret Keyword",
        "filename": "aws/cloudformation.yaml",
        "hashed_secret": "e54aa9667f83da4b74145182b2fffb8ab8b5a1f1",
        "is_verified": false,
        "line_number": 12
      },
      {
        "type": "Secret Keyword",
        "filename": "aws/cloudformation.yaml",
        "hashed_secret": "b30224f53d827e846cc4e0494169032d82a01df9",
        "is_verified": false,
        "line_number": 465
      },
      {
        "type": "Secret Keyword",
        "filename": "aws/cloudformation.yaml",
        "hashed_secret": "57583b964c4bcd0176912ee4b3a0001b1016acd6",
        "is_verified": false,
        "line_number": 527
      },
      {
        "type": "Secret Keyword",
        "filename": "aws/cloudformation.yaml",
        "hashed_secret": "b63bf00edb07af6ffba7f7ceb7ed573a913271f7",
        "is_verified": false,
        "line_number": 567
      },
      {
        "type": "Secret Keyword",
        "filename": "aws/cloudformation.yaml",
        "hashed_secret": "67b43ea47934a508d06e756c1d03ef25334d04d3",
        "is_verified": false,
        "line_number": 568
      },
      {
        "type": "Secret Keyword",
        "filename": "aws/cloudformation.yaml",
        "hashed_secret": "fc1d8526e46b867019105a049b3fb5c96218a002",
        "is_verified": false,
        "line_number": 639
      }
    ],
    "deploy/ec2/README.md": [
      {
        "type": "Basic Auth Credentials",
        "filename": "deploy/ec2/README.md",
        "hashed_secret": "5baa61e4c9b93f3f0682250b6cf8331b7ee68fd8",
        "is_verified": false,
        "line_number": 95
      }
    ],
    "deploy/ec2/TROUBLESHOOTING.md": [
      {
        "type": "Secret Keyword",
        "filename": "deploy/ec2/TROUBLESHOOTING.md",
        "hashed_secret": "564e340cd48437d2dfe876ee154cc99dc4d0d137",
        "is_verified": false,
        "line_number": 203
      }
    ],
    "deploy/ec2/environment.template": [
      {
        "type": "Basic Auth Credentials",
        "filename": "deploy/ec2/environment.template",
        "hashed_secret": "981eb7e146cab5b17b4c7f5f12af441d36d0cc36",
        "is_verified": false,
        "line_number": 39
      }
    ],
    "deploy/ec2/user-data.sh": [
      {
        "type": "Hex High Entropy String",
        "filename": "deploy/ec2/user-data.sh",
        "hashed_secret": "c87140fee5f2dab5789391bb569771a48809b007",
        "is_verified": false,
        "line_number": 64
      },
      {
        "type": "Basic Auth Credentials",
        "filename": "deploy/ec2/user-data.sh",
        "hashed_secret": "564e340cd48437d2dfe876ee154cc99dc4d0d137",
        "is_verified": false,
        "line_number": 471
      }
    ],
    "docs/OPERATIONS_RUNBOOK.md": [
      {
        "type": "Secret Keyword",
        "filename": "docs/OPERATIONS_RUNBOOK.md",
        "hashed_secret": "d2fc8aea2ac6583883e1070f252be60b35b0aef6",
        "is_verified": false,
        "line_number": 1090
      }
    ],
    "test_full_system.py": [
      {
        "type": "Secret Keyword",
        "filename": "test_full_system.py",
        "hashed_secret": "0ea1e65c276f457fa82a25f563643f30b9f6edab",
        "is_verified": false,
        "line_number": 22
      }
    ]
  },
  "generated_at": "2026-02-10T03:26:52Z"
}
